// Jest Snapshot v1, https://goo.gl/fbAQLP

exports[`renders 1`] = `
<styled.form
  data-role="search-form"
>
  <styled.input
    data-role="search-input"
    innerRef={[Function]}
    placeholder="e.g. Blade Runner"
    type="text"
  />
  <styled.button
    onClick={[Function]}
  >
    Search
  </styled.button>
</styled.form>
`;
